[debug] [2026-08-06T13:27:58.058Z] ----------------------------------------------------------------------
[debug] [2026-08-06T13:27:58.059Z] Command:       /Users/hassan/.nvm/versions/node/v22.23.0/bin/node /Users/hassan/.nvm/versions/node/v22.23.0/bin/firebase projects:list
[debug] [2026-08-06T13:27:58.059Z] CLI Version:   15.22.0
[debug] [2026-08-06T13:27:58.059Z] Platform:      darwin
[debug] [2026-08-06T13:27:58.059Z] Node Version:  v22.23.0
[debug] [2026-08-06T13:27:58.059Z] Detected Agent: open_code
[debug] [2026-08-06T13:27:58.059Z] Time:          Thu Aug 06 2026 18:27:58 GMT+0500 (Pakistan Standard Time)
[debug] [2026-08-06T13:27:58.059Z] ----------------------------------------------------------------------
[debug] 
[debug] [2026-08-06T13:27:58.060Z] >>> [apiv2][query] GET https://firebase-public.firebaseio.com/cli.json [none]
[debug] [2026-08-06T13:27:58.070Z] > command requires scopes: ["email","openid","https://www.googleapis.com/auth/cloudplatformprojects.readonly","https://www.googleapis.com/auth/firebase","https://www.googleapis.com/auth/cloud-platform"]
[debug] [2026-08-06T13:27:58.070Z] > authorizing via signed-in user (devsynxoffical@gmail.com)
[debug] [2026-08-06T13:27:58.071Z] Checked if tokens are valid: false, expires at: 1783625524954
[debug] [2026-08-06T13:27:58.071Z] Checked if tokens are valid: false, expires at: 1783625524954
[debug] [2026-08-06T13:27:58.071Z] > refreshing access token with scopes: []
[debug] [2026-08-06T13:27:58.071Z] >>> [apiv2][query] POST https://www.googleapis.com/oauth2/v3/token [none]
[debug] [2026-08-06T13:27:58.071Z] >>> [apiv2][body] POST https://www.googleapis.com/oauth2/v3/token [omitted]
[error] Authentication Error: Your credentials are no longer valid. Please run firebase login --reauth

For CI servers and headless environments, generate a new token with firebase login:ci
[debug] [2026-08-06T13:27:58.513Z] Authentication Error: Your credentials are no longer valid. Please run firebase login --reauth

For CI servers and headless environments, generate a new token with firebase login:ci
[debug] [2026-08-06T13:27:58.798Z] <<< [apiv2][status] GET https://firebase-public.firebaseio.com/cli.json 200
[debug] [2026-08-06T13:27:58.798Z] <<< [apiv2][body] GET https://firebase-public.firebaseio.com/cli.json {"cloudBuildErrorAfter":1594252800000,"cloudBuildWarnAfter":1590019200000,"defaultNode10After":1594252800000,"minVersion":"3.0.5","node8DeploysDisabledAfter":1613390400000,"node8RuntimeDisabledAfter":1615809600000,"node8WarnAfter":1600128000000}
[debug] [2026-08-06T13:27:58.883Z] FirebaseError: Authentication Error: Your credentials are no longer valid. Please run firebase login --reauth

For CI servers and headless environments, generate a new token with firebase login:ci
    at invalidCredentialError (/Users/hassan/.nvm/versions/node/v22.23.0/lib/node_modules/firebase-tools/lib/auth.js:176:12)
    at refreshTokens (/Users/hassan/.nvm/versions/node/v22.23.0/lib/node_modules/firebase-tools/lib/auth.js:589:15)
    at process.processTicksAndRejections (node:internal/process/task_queues:103:5)
    at async getAccessToken (/Users/hassan/.nvm/versions/node/v22.23.0/lib/node_modules/firebase-tools/lib/apiv2.js:52:18)
    at async Client.addAuthHeader (/Users/hassan/.nvm/versions/node/v22.23.0/lib/node_modules/firebase-tools/lib/apiv2.js:182:21)
    at async Client.request (/Users/hassan/.nvm/versions/node/v22.23.0/lib/node_modules/firebase-tools/lib/apiv2.js:129:34)
    at async getProjectPage (/Users/hassan/.nvm/versions/node/v22.23.0/lib/node_modules/firebase-tools/lib/management/projects.js:287:17)
    at async getFirebaseProjectPage (/Users/hassan/.nvm/versions/node/v22.23.0/lib/node_modules/firebase-tools/lib/management/projects.js:304:23)
    at async listFirebaseProjects (/Users/hassan/.nvm/versions/node/v22.23.0/lib/node_modules/firebase-tools/lib/management/projects.js:333:29)
    at async Command.actionFn (/Users/hassan/.nvm/versions/node/v22.23.0/lib/node_modules/firebase-tools/lib/commands/projects-list.js:51:20)
[error] 
[error] Error: Failed to list Firebase projects. See firebase-debug.log for more info.
